---
source: depends_core/src/macros/dependee.rs
assertion_line: 271
expression: format_source(derive_dependee(input).to_string().as_str())
---
pub struct SomeName {
    dependencies: SomeType,
    data: ::std::cell::RefCell<::depends::core::NodeState<Foo>>,
    id: usize,
}
impl SomeName {
    pub fn new(dependencies: SomeType, data: Foo) -> ::std::rc::Rc<SomeName> {
        Self::new_with_id(dependencies, data, ::depends::core::next_node_id())
    }

    pub fn new_with_id(dependencies: SomeType, data: Foo, id: usize) -> ::std::rc::Rc<SomeName> {
        ::std::rc::Rc::new(SomeName {
            dependencies,
            data: ::std::cell::RefCell::new(::depends::core::NodeState::new(data)),
            id,
        })
    }
}
impl ::depends::core::Identifiable for SomeName {
    fn id(&self) -> usize {
        self.id
    }
}
impl Foo {
    pub fn into_node(self, dependencies: SomeType) -> ::std::rc::Rc<SomeName> {
        SomeName::new(dependencies, self)
    }
}
impl ::depends::core::Named for Foo {
    fn name() -> &'static str {
        "Foo"
    }
}
impl ::depends::core::Named for SomeName {
    fn name() -> &'static str {
        Foo::name()
    }
}
impl ::depends::core::Depends for Foo {
    type Input < 'a > = < SomeType as :: depends :: core :: Resolve > :: Output < 'a > where Self : 'a ;
}
impl ::depends::core::Resolve for SomeName {
    type Output < 'a > = :: std :: cell :: Ref < 'a , :: depends :: core :: NodeState < Foo >> where Self : 'a ;

    fn resolve(&self, visitor: &mut impl ::depends::core::Visitor) -> Self::Output<'_> {
        use ::depends::core::IsDirty;
        if visitor.visit(self) {
            let input = self.dependencies.resolve(visitor);
            if input.is_dirty() {
                let mut node = self.data.borrow_mut();
                *node.state_mut() = ::depends::core::State::Dirty;
                node.data_mut().update_mut(input);
            }
        }
        self.data.borrow()
    }

    fn clean(&self, visitor: &mut impl ::depends::core::Visitor) {
        use ::depends::core::Clean;
        if visitor.visit(self) {
            self.dependencies.clean(visitor);
            self.data.borrow_mut().clean();
        }
    }
}
impl ::depends::core::Clean for Foo {
    fn clean(&mut self) {}
}

