---
source: depends_core/src/macros/leaf.rs
assertion_line: 149
expression: format_source(derive_leaf(input).to_string().as_str())
---
impl<T> ::depends::core::Named for Foo<T> {
    fn name() -> &'static str {
        "Foo"
    }
}
impl<T> Foo<T> {
    pub fn into_leaf(self) -> ::std::rc::Rc<::depends::core::LeafNode<Self>> {
        ::depends::core::LeafNode::new(self)
    }
}

