error: A Graphviz model must have at least 1 edge.
 --> tests/fail/derive/graph/edgeless.rs:5:10
  |
5 | #[derive(Graph)]
  |          ^^^^^
  |
  = note: this error originates in the derive macro `Graph` (in Nightly builds, run with -Z macro-backtrace for more info)
