error: Multiple incoming edges but no `class` attribute.
  --> tests/fail/derive/graph/multiple_edges_no_class.rs:11:24
   |
11 |         comments_posts [label="CommentsPosts"];
   |                        ^^^^^^^^^^^^^^^^^^^^^^^
